<html>
<body>
<pre>
<h1>µVision Build Log</h1>
<h2>Project:</h2>
N:\222\lab4\lab4.uvproj
Project File Date:  03/25/2017

<h2>Output:</h2>
Build target 'lpc1768_RAM'
linking...
lab4.sct(8): warning: L6314W: No section matches pattern *(InRoot$$Sections).
Program Size: Code=512 RO-data=204 RW-data=0 ZI-data=512  
"lab4.axf" - 0 Error(s), 1 Warning(s).
Load "N:\\222\\lab4\\lab4.AXF" 
No Algorithm found for: 10000000H - 100002C7H
Partial Erase Done (areas with no algorithms skipped!)
No Algorithm found for: 10000000H - 100002C7H
Partial Programming Done (areas with no algorithms skipped!)
Partial Verify OK (areas with no algorithms skipped!)
Build target 'lpc1768_RAM'
assembling lab4.s...
linking...
lab4.sct(8): warning: L6314W: No section matches pattern *(InRoot$$Sections).
Program Size: Code=508 RO-data=204 RW-data=0 ZI-data=512  
"lab4.axf" - 0 Error(s), 1 Warning(s).
Load "N:\\222\\lab4\\lab4.AXF" 
No Algorithm found for: 10000000H - 100002C3H
Partial Erase Done (areas with no algorithms skipped!)
No Algorithm found for: 10000000H - 100002C3H
Partial Programming Done (areas with no algorithms skipped!)
Partial Verify OK (areas with no algorithms skipped!)
Build target 'lpc1768_RAM'
assembling lab4.s...
linking...
lab4.sct(8): warning: L6314W: No section matches pattern *(InRoot$$Sections).
Program Size: Code=512 RO-data=204 RW-data=0 ZI-data=512  
"lab4.axf" - 0 Error(s), 1 Warning(s).
Load "N:\\222\\lab4\\lab4.AXF" 
No Algorithm found for: 10000000H - 100002C7H
Partial Erase Done (areas with no algorithms skipped!)
No Algorithm found for: 10000000H - 100002C7H
Partial Programming Done (areas with no algorithms skipped!)
Partial Verify OK (areas with no algorithms skipped!)
